{
    "address": {
        "hrp": "erd"
    },
    "nonce": 404,
    "balance": "46931489907311278839",
    "txCount": 470,
    "shard": 1,
    "username": "aabbcc.elrond",
    "rootHash": "lLXmK8ipiC9pEQaaaaaaaaaabbbbbbbbbbcccccccccc",
    "rawResponse": {
        "address": "erd1qqqqqqqqqqqqqqqpqqqqqqqqqqqqqqqqqqqqqqqqqqqqqqqplllst77y4l",
        "nonce": 404,
        "balance": "46931489907311278839",
        "rootHash": "lLXmK8ipiC9pEQaaaaaaaaaabbbbbbbbbbcccccccccc",
        "txCount": 470,
        "username": "aabbcc.elrond",
        "shard": 1
    }
}